[2025-04-10T23:45:04.576+0300][0.007s][debug][gc,heap] Minimum heap 8388608  Initial heap 257949696  Maximum heap 4127195136
[2025-04-10T23:45:04.576+0300][0.007s][info ][gc     ] Using G1
[2025-04-10T23:45:04.578+0300][0.009s][info ][gc,init] Version: 17.0.2+8-86 (release)
[2025-04-10T23:45:04.578+0300][0.009s][info ][gc,init] CPUs: 12 total, 12 available
[2025-04-10T23:45:04.578+0300][0.009s][info ][gc,init] Memory: 15741M
[2025-04-10T23:45:04.578+0300][0.009s][info ][gc,init] Large Page Support: Disabled
[2025-04-10T23:45:04.578+0300][0.009s][info ][gc,init] NUMA Support: Disabled
[2025-04-10T23:45:04.578+0300][0.009s][info ][gc,init] Compressed Oops: Enabled (Zero based)
[2025-04-10T23:45:04.578+0300][0.009s][info ][gc,init] Heap Region Size: 2M
[2025-04-10T23:45:04.579+0300][0.009s][info ][gc,init] Heap Min Capacity: 8M
[2025-04-10T23:45:04.579+0300][0.009s][info ][gc,init] Heap Initial Capacity: 246M
[2025-04-10T23:45:04.579+0300][0.009s][info ][gc,init] Heap Max Capacity: 3936M
[2025-04-10T23:45:04.579+0300][0.009s][info ][gc,init] Pre-touch: Disabled
[2025-04-10T23:45:04.579+0300][0.009s][info ][gc,init] Parallel Workers: 10
[2025-04-10T23:45:04.579+0300][0.009s][info ][gc,init] Concurrent Workers: 3
[2025-04-10T23:45:04.579+0300][0.009s][info ][gc,init] Concurrent Refinement Workers: 10
[2025-04-10T23:45:04.579+0300][0.010s][info ][gc,init] Periodic GC: Disabled
[2025-04-10T23:45:04.579+0300][0.010s][info ][gc,metaspace] CDS archive(s) mapped at: [0x0000000800000000-0x0000000800bc0000-0x0000000800bc0000), size 12320768, SharedBaseAddress: 0x0000000800000000, ArchiveRelocationMode: 0.
[2025-04-10T23:45:04.579+0300][0.010s][info ][gc,metaspace] Compressed class space mapped at: 0x0000000800c00000-0x0000000840c00000, reserved size: 1073741824
[2025-04-10T23:45:04.579+0300][0.010s][info ][gc,metaspace] Narrow klass base: 0x0000000800000000, Narrow klass shift: 0, Narrow klass range: 0x100000000
[2025-04-10T23:45:05.093+0300][0.524s][debug][gc,heap     ] GC(0) Heap before GC invocations=0 (full 0):
[2025-04-10T23:45:05.093+0300][0.524s][debug][gc,heap     ] GC(0)  garbage-first heap   total 251904K, used 22528K [0x000000070a000000, 0x0000000800000000)
[2025-04-10T23:45:05.093+0300][0.524s][debug][gc,heap     ] GC(0)   region size 2048K, 11 young (22528K), 0 survivors (0K)
[2025-04-10T23:45:05.093+0300][0.524s][debug][gc,heap     ] GC(0)  Metaspace       used 7312K, committed 7552K, reserved 1056768K
[2025-04-10T23:45:05.093+0300][0.524s][debug][gc,heap     ] GC(0)   class space    used 918K, committed 1024K, reserved 1048576K
[2025-04-10T23:45:05.093+0300][0.524s][info ][gc,start    ] GC(0) Pause Young (Normal) (G1 Evacuation Pause)
[2025-04-10T23:45:05.093+0300][0.524s][info ][gc,task     ] GC(0) Using 5 workers of 10 for evacuation
[2025-04-10T23:45:05.098+0300][0.529s][info ][gc,phases   ] GC(0)   Pre Evacuate Collection Set: 0.0ms
[2025-04-10T23:45:05.098+0300][0.529s][info ][gc,phases   ] GC(0)   Merge Heap Roots: 0.0ms
[2025-04-10T23:45:05.098+0300][0.529s][info ][gc,phases   ] GC(0)   Evacuate Collection Set: 3.8ms
[2025-04-10T23:45:05.098+0300][0.529s][info ][gc,phases   ] GC(0)   Post Evacuate Collection Set: 0.7ms
[2025-04-10T23:45:05.098+0300][0.529s][info ][gc,phases   ] GC(0)   Other: 0.4ms
[2025-04-10T23:45:05.098+0300][0.529s][info ][gc,heap     ] GC(0) Eden regions: 11->0(12)
[2025-04-10T23:45:05.098+0300][0.529s][info ][gc,heap     ] GC(0) Survivor regions: 0->2(2)
[2025-04-10T23:45:05.098+0300][0.529s][info ][gc,heap     ] GC(0) Old regions: 0->2
[2025-04-10T23:45:05.098+0300][0.529s][info ][gc,heap     ] GC(0) Archive regions: 0->0
[2025-04-10T23:45:05.098+0300][0.529s][info ][gc,heap     ] GC(0) Humongous regions: 0->0
[2025-04-10T23:45:05.098+0300][0.529s][info ][gc,metaspace] GC(0) Metaspace: 7312K(7552K)->7312K(7552K) NonClass: 6394K(6528K)->6394K(6528K) Class: 918K(1024K)->918K(1024K)
[2025-04-10T23:45:05.098+0300][0.529s][debug][gc,heap     ] GC(0) Heap after GC invocations=1 (full 0):
[2025-04-10T23:45:05.098+0300][0.529s][debug][gc,heap     ] GC(0)  garbage-first heap   total 251904K, used 7256K [0x000000070a000000, 0x0000000800000000)
[2025-04-10T23:45:05.098+0300][0.529s][debug][gc,heap     ] GC(0)   region size 2048K, 2 young (4096K), 2 survivors (4096K)
[2025-04-10T23:45:05.098+0300][0.529s][debug][gc,heap     ] GC(0)  Metaspace       used 7312K, committed 7552K, reserved 1056768K
[2025-04-10T23:45:05.098+0300][0.529s][debug][gc,heap     ] GC(0)   class space    used 918K, committed 1024K, reserved 1048576K
[2025-04-10T23:45:05.098+0300][0.529s][info ][gc          ] GC(0) Pause Young (Normal) (G1 Evacuation Pause) 22M->7M(246M) 5.089ms
[2025-04-10T23:45:05.098+0300][0.529s][info ][gc,cpu      ] GC(0) User=0.00s Sys=0.00s Real=0.01s
[2025-04-10T23:45:05.414+0300][0.845s][debug][gc,heap     ] GC(1) Heap before GC invocations=1 (full 0):
[2025-04-10T23:45:05.414+0300][0.845s][debug][gc,heap     ] GC(1)  garbage-first heap   total 251904K, used 23640K [0x000000070a000000, 0x0000000800000000)
[2025-04-10T23:45:05.414+0300][0.845s][debug][gc,heap     ] GC(1)   region size 2048K, 11 young (22528K), 2 survivors (4096K)
[2025-04-10T23:45:05.414+0300][0.845s][debug][gc,heap     ] GC(1)  Metaspace       used 11633K, committed 11840K, reserved 1064960K
[2025-04-10T23:45:05.414+0300][0.845s][debug][gc,heap     ] GC(1)   class space    used 1602K, committed 1728K, reserved 1048576K
[2025-04-10T23:45:05.414+0300][0.845s][info ][gc,start    ] GC(1) Pause Young (Normal) (G1 Evacuation Pause)
[2025-04-10T23:45:05.414+0300][0.845s][info ][gc,task     ] GC(1) Using 5 workers of 10 for evacuation
[2025-04-10T23:45:05.418+0300][0.848s][info ][gc,phases   ] GC(1)   Pre Evacuate Collection Set: 0.0ms
[2025-04-10T23:45:05.418+0300][0.848s][info ][gc,phases   ] GC(1)   Merge Heap Roots: 0.0ms
[2025-04-10T23:45:05.418+0300][0.849s][info ][gc,phases   ] GC(1)   Evacuate Collection Set: 2.8ms
[2025-04-10T23:45:05.418+0300][0.849s][info ][gc,phases   ] GC(1)   Post Evacuate Collection Set: 0.5ms
[2025-04-10T23:45:05.418+0300][0.849s][info ][gc,phases   ] GC(1)   Other: 0.2ms
[2025-04-10T23:45:05.418+0300][0.849s][info ][gc,heap     ] GC(1) Eden regions: 9->0(30)
[2025-04-10T23:45:05.418+0300][0.849s][info ][gc,heap     ] GC(1) Survivor regions: 2->1(2)
[2025-04-10T23:45:05.418+0300][0.849s][info ][gc,heap     ] GC(1) Old regions: 2->4
[2025-04-10T23:45:05.418+0300][0.849s][info ][gc,heap     ] GC(1) Archive regions: 0->0
[2025-04-10T23:45:05.418+0300][0.849s][info ][gc,heap     ] GC(1) Humongous regions: 0->0
[2025-04-10T23:45:05.418+0300][0.849s][info ][gc,metaspace] GC(1) Metaspace: 11633K(11840K)->11633K(11840K) NonClass: 10030K(10112K)->10030K(10112K) Class: 1602K(1728K)->1602K(1728K)
[2025-04-10T23:45:05.418+0300][0.849s][debug][gc,heap     ] GC(1) Heap after GC invocations=2 (full 0):
[2025-04-10T23:45:05.418+0300][0.849s][debug][gc,heap     ] GC(1)  garbage-first heap   total 251904K, used 9176K [0x000000070a000000, 0x0000000800000000)
[2025-04-10T23:45:05.418+0300][0.849s][debug][gc,heap     ] GC(1)   region size 2048K, 1 young (2048K), 1 survivors (2048K)
[2025-04-10T23:45:05.418+0300][0.849s][debug][gc,heap     ] GC(1)  Metaspace       used 11633K, committed 11840K, reserved 1064960K
[2025-04-10T23:45:05.418+0300][0.849s][debug][gc,heap     ] GC(1)   class space    used 1602K, committed 1728K, reserved 1048576K
[2025-04-10T23:45:05.418+0300][0.849s][info ][gc          ] GC(1) Pause Young (Normal) (G1 Evacuation Pause) 25M->8M(246M) 3.659ms
[2025-04-10T23:45:05.418+0300][0.849s][info ][gc,cpu      ] GC(1) User=0.00s Sys=0.00s Real=0.00s
[2025-04-10T23:45:06.063+0300][1.494s][debug][gc,heap     ] GC(2) Heap before GC invocations=2 (full 0):
[2025-04-10T23:45:06.064+0300][1.494s][debug][gc,heap     ] GC(2)  garbage-first heap   total 251904K, used 66520K [0x000000070a000000, 0x0000000800000000)
[2025-04-10T23:45:06.064+0300][1.494s][debug][gc,heap     ] GC(2)   region size 2048K, 31 young (63488K), 1 survivors (2048K)
[2025-04-10T23:45:06.064+0300][1.494s][debug][gc,heap     ] GC(2)  Metaspace       used 21281K, committed 21504K, reserved 1073152K
[2025-04-10T23:45:06.064+0300][1.494s][debug][gc,heap     ] GC(2)   class space    used 2901K, committed 3008K, reserved 1048576K
[2025-04-10T23:45:06.064+0300][1.495s][info ][gc,start    ] GC(2) Pause Young (Concurrent Start) (Metadata GC Threshold)
[2025-04-10T23:45:06.064+0300][1.495s][info ][gc,task     ] GC(2) Using 5 workers of 10 for evacuation
[2025-04-10T23:45:06.068+0300][1.499s][info ][gc,phases   ] GC(2)   Pre Evacuate Collection Set: 0.1ms
[2025-04-10T23:45:06.068+0300][1.499s][info ][gc,phases   ] GC(2)   Merge Heap Roots: 0.1ms
[2025-04-10T23:45:06.068+0300][1.499s][info ][gc,phases   ] GC(2)   Evacuate Collection Set: 3.7ms
[2025-04-10T23:45:06.068+0300][1.499s][info ][gc,phases   ] GC(2)   Post Evacuate Collection Set: 0.4ms
[2025-04-10T23:45:06.068+0300][1.499s][info ][gc,phases   ] GC(2)   Other: 0.5ms
[2025-04-10T23:45:06.068+0300][1.499s][info ][gc,heap     ] GC(2) Eden regions: 30->0(70)
[2025-04-10T23:45:06.068+0300][1.499s][info ][gc,heap     ] GC(2) Survivor regions: 1->3(4)
[2025-04-10T23:45:06.068+0300][1.499s][info ][gc,heap     ] GC(2) Old regions: 4->4
[2025-04-10T23:45:06.068+0300][1.499s][info ][gc,heap     ] GC(2) Archive regions: 0->0
[2025-04-10T23:45:06.068+0300][1.499s][info ][gc,heap     ] GC(2) Humongous regions: 0->0
[2025-04-10T23:45:06.068+0300][1.499s][info ][gc,metaspace] GC(2) Metaspace: 21281K(21504K)->21281K(21504K) NonClass: 18379K(18496K)->18379K(18496K) Class: 2901K(3008K)->2901K(3008K)
[2025-04-10T23:45:06.068+0300][1.499s][debug][gc,heap     ] GC(2) Heap after GC invocations=3 (full 0):
[2025-04-10T23:45:06.068+0300][1.499s][debug][gc,heap     ] GC(2)  garbage-first heap   total 251904K, used 12345K [0x000000070a000000, 0x0000000800000000)
[2025-04-10T23:45:06.068+0300][1.499s][debug][gc,heap     ] GC(2)   region size 2048K, 3 young (6144K), 3 survivors (6144K)
[2025-04-10T23:45:06.068+0300][1.499s][debug][gc,heap     ] GC(2)  Metaspace       used 21281K, committed 21504K, reserved 1073152K
[2025-04-10T23:45:06.068+0300][1.499s][debug][gc,heap     ] GC(2)   class space    used 2901K, committed 3008K, reserved 1048576K
[2025-04-10T23:45:06.068+0300][1.499s][info ][gc          ] GC(2) Pause Young (Concurrent Start) (Metadata GC Threshold) 68M->12M(246M) 4.653ms
[2025-04-10T23:45:06.068+0300][1.499s][info ][gc,cpu      ] GC(2) User=0.00s Sys=0.00s Real=0.00s
[2025-04-10T23:45:06.068+0300][1.499s][info ][gc          ] GC(3) Concurrent Mark Cycle
[2025-04-10T23:45:06.069+0300][1.499s][info ][gc,marking  ] GC(3) Concurrent Clear Claimed Marks
[2025-04-10T23:45:06.069+0300][1.499s][info ][gc,marking  ] GC(3) Concurrent Clear Claimed Marks 0.034ms
[2025-04-10T23:45:06.069+0300][1.499s][info ][gc,marking  ] GC(3) Concurrent Scan Root Regions
[2025-04-10T23:45:06.071+0300][1.502s][info ][gc,marking  ] GC(3) Concurrent Scan Root Regions 2.232ms
[2025-04-10T23:45:06.071+0300][1.502s][info ][gc,marking  ] GC(3) Concurrent Mark
[2025-04-10T23:45:06.071+0300][1.502s][info ][gc,marking  ] GC(3) Concurrent Mark From Roots
[2025-04-10T23:45:06.071+0300][1.502s][info ][gc,task     ] GC(3) Using 3 workers of 3 for marking
[2025-04-10T23:45:06.075+0300][1.506s][info ][gc,marking  ] GC(3) Concurrent Mark From Roots 3.790ms
[2025-04-10T23:45:06.075+0300][1.506s][info ][gc,marking  ] GC(3) Concurrent Preclean
[2025-04-10T23:45:06.075+0300][1.506s][info ][gc,marking  ] GC(3) Concurrent Preclean 0.053ms
[2025-04-10T23:45:06.075+0300][1.506s][info ][gc,start    ] GC(3) Pause Remark
[2025-04-10T23:45:06.077+0300][1.507s][debug][gc,heap     ] GC(3) Uncommittable regions after shrink: 96
[2025-04-10T23:45:06.077+0300][1.507s][info ][gc          ] GC(3) Pause Remark 13M->13M(54M) 1.732ms
[2025-04-10T23:45:06.077+0300][1.508s][info ][gc,cpu      ] GC(3) User=0.02s Sys=0.00s Real=0.00s
[2025-04-10T23:45:06.077+0300][1.508s][info ][gc,marking  ] GC(3) Concurrent Mark 5.847ms
[2025-04-10T23:45:06.077+0300][1.508s][info ][gc,marking  ] GC(3) Concurrent Rebuild Remembered Sets
[2025-04-10T23:45:06.078+0300][1.509s][info ][gc,marking  ] GC(3) Concurrent Rebuild Remembered Sets 1.597ms
[2025-04-10T23:45:06.078+0300][1.509s][info ][gc,start    ] GC(3) Pause Cleanup
[2025-04-10T23:45:06.079+0300][1.509s][info ][gc          ] GC(3) Pause Cleanup 13M->13M(54M) 0.114ms
[2025-04-10T23:45:06.079+0300][1.509s][info ][gc,cpu      ] GC(3) User=0.00s Sys=0.00s Real=0.00s
[2025-04-10T23:45:06.079+0300][1.510s][info ][gc,marking  ] GC(3) Concurrent Cleanup for Next Mark
[2025-04-10T23:45:06.079+0300][1.510s][info ][gc,marking  ] GC(3) Concurrent Cleanup for Next Mark 0.323ms
[2025-04-10T23:45:06.079+0300][1.510s][info ][gc          ] GC(3) Concurrent Mark Cycle 10.615ms
[2025-04-10T23:45:06.092+0300][1.523s][debug][gc,heap     ] Concurrent Uncommit Summary: 192M, 96 regions, 4.771ms
[2025-04-10T23:45:06.424+0300][1.854s][debug][gc,heap     ] GC(4) Heap before GC invocations=4 (full 0):
[2025-04-10T23:45:06.424+0300][1.854s][debug][gc,heap     ] GC(4)  garbage-first heap   total 55296K, used 38969K [0x000000070a000000, 0x0000000800000000)
[2025-04-10T23:45:06.424+0300][1.854s][debug][gc,heap     ] GC(4)   region size 2048K, 16 young (32768K), 3 survivors (6144K)
[2025-04-10T23:45:06.424+0300][1.854s][debug][gc,heap     ] GC(4)  Metaspace       used 25552K, committed 25920K, reserved 1073152K
[2025-04-10T23:45:06.424+0300][1.854s][debug][gc,heap     ] GC(4)   class space    used 3538K, committed 3712K, reserved 1048576K
[2025-04-10T23:45:06.424+0300][1.855s][info ][gc,start    ] GC(4) Pause Young (Normal) (G1 Evacuation Pause)
[2025-04-10T23:45:06.424+0300][1.855s][info ][gc,task     ] GC(4) Using 3 workers of 10 for evacuation
[2025-04-10T23:45:06.430+0300][1.861s][info ][gc,phases   ] GC(4)   Pre Evacuate Collection Set: 0.0ms
[2025-04-10T23:45:06.430+0300][1.861s][info ][gc,phases   ] GC(4)   Merge Heap Roots: 0.0ms
[2025-04-10T23:45:06.430+0300][1.861s][info ][gc,phases   ] GC(4)   Evacuate Collection Set: 5.5ms
[2025-04-10T23:45:06.430+0300][1.861s][info ][gc,phases   ] GC(4)   Post Evacuate Collection Set: 0.4ms
[2025-04-10T23:45:06.430+0300][1.861s][info ][gc,phases   ] GC(4)   Other: 0.2ms
[2025-04-10T23:45:06.430+0300][1.861s][info ][gc,heap     ] GC(4) Eden regions: 13->0(9)
[2025-04-10T23:45:06.430+0300][1.861s][info ][gc,heap     ] GC(4) Survivor regions: 3->2(2)
[2025-04-10T23:45:06.430+0300][1.861s][info ][gc,heap     ] GC(4) Old regions: 4->7
[2025-04-10T23:45:06.430+0300][1.861s][info ][gc,heap     ] GC(4) Archive regions: 0->0
[2025-04-10T23:45:06.430+0300][1.861s][info ][gc,heap     ] GC(4) Humongous regions: 0->0
[2025-04-10T23:45:06.430+0300][1.861s][info ][gc,metaspace] GC(4) Metaspace: 25552K(25920K)->25552K(25920K) NonClass: 22014K(22208K)->22014K(22208K) Class: 3538K(3712K)->3538K(3712K)
[2025-04-10T23:45:06.430+0300][1.861s][debug][gc,heap     ] GC(4) Heap after GC invocations=5 (full 0):
[2025-04-10T23:45:06.430+0300][1.861s][debug][gc,heap     ] GC(4)  garbage-first heap   total 55296K, used 14966K [0x000000070a000000, 0x0000000800000000)
[2025-04-10T23:45:06.430+0300][1.861s][debug][gc,heap     ] GC(4)   region size 2048K, 2 young (4096K), 2 survivors (4096K)
[2025-04-10T23:45:06.430+0300][1.861s][debug][gc,heap     ] GC(4)  Metaspace       used 25552K, committed 25920K, reserved 1073152K
[2025-04-10T23:45:06.430+0300][1.861s][debug][gc,heap     ] GC(4)   class space    used 3538K, committed 3712K, reserved 1048576K
[2025-04-10T23:45:06.430+0300][1.861s][info ][gc          ] GC(4) Pause Young (Normal) (G1 Evacuation Pause) 38M->14M(54M) 6.308ms
[2025-04-10T23:45:06.430+0300][1.861s][info ][gc,cpu      ] GC(4) User=0.00s Sys=0.00s Real=0.01s
[2025-04-10T23:45:06.638+0300][2.069s][debug][gc,heap     ] GC(5) Heap before GC invocations=5 (full 0):
[2025-04-10T23:45:06.638+0300][2.069s][debug][gc,heap     ] GC(5)  garbage-first heap   total 55296K, used 33398K [0x000000070a000000, 0x0000000800000000)
[2025-04-10T23:45:06.638+0300][2.069s][debug][gc,heap     ] GC(5)   region size 2048K, 11 young (22528K), 2 survivors (4096K)
[2025-04-10T23:45:06.638+0300][2.069s][debug][gc,heap     ] GC(5)  Metaspace       used 28086K, committed 28480K, reserved 1073152K
[2025-04-10T23:45:06.638+0300][2.069s][debug][gc,heap     ] GC(5)   class space    used 3903K, committed 4096K, reserved 1048576K
[2025-04-10T23:45:06.638+0300][2.069s][info ][gc,start    ] GC(5) Pause Young (Normal) (G1 Evacuation Pause)
[2025-04-10T23:45:06.638+0300][2.069s][info ][gc,task     ] GC(5) Using 8 workers of 10 for evacuation
[2025-04-10T23:45:06.641+0300][2.072s][info ][gc,phases   ] GC(5)   Pre Evacuate Collection Set: 0.1ms
[2025-04-10T23:45:06.641+0300][2.072s][info ][gc,phases   ] GC(5)   Merge Heap Roots: 0.1ms
[2025-04-10T23:45:06.641+0300][2.072s][info ][gc,phases   ] GC(5)   Evacuate Collection Set: 2.3ms
[2025-04-10T23:45:06.641+0300][2.072s][info ][gc,phases   ] GC(5)   Post Evacuate Collection Set: 0.3ms
[2025-04-10T23:45:06.641+0300][2.072s][info ][gc,phases   ] GC(5)   Other: 0.3ms
[2025-04-10T23:45:06.641+0300][2.072s][info ][gc,heap     ] GC(5) Eden regions: 9->0(10)
[2025-04-10T23:45:06.641+0300][2.072s][info ][gc,heap     ] GC(5) Survivor regions: 2->1(2)
[2025-04-10T23:45:06.641+0300][2.072s][info ][gc,heap     ] GC(5) Old regions: 7->8
[2025-04-10T23:45:06.641+0300][2.072s][info ][gc,heap     ] GC(5) Archive regions: 0->0
[2025-04-10T23:45:06.641+0300][2.072s][info ][gc,heap     ] GC(5) Humongous regions: 0->0
[2025-04-10T23:45:06.641+0300][2.072s][info ][gc,metaspace] GC(5) Metaspace: 28086K(28480K)->28086K(28480K) NonClass: 24182K(24384K)->24182K(24384K) Class: 3903K(4096K)->3903K(4096K)
[2025-04-10T23:45:06.641+0300][2.072s][debug][gc,heap     ] GC(5) Heap after GC invocations=6 (full 0):
[2025-04-10T23:45:06.641+0300][2.072s][debug][gc,heap     ] GC(5)  garbage-first heap   total 55296K, used 16340K [0x000000070a000000, 0x0000000800000000)
[2025-04-10T23:45:06.641+0300][2.072s][debug][gc,heap     ] GC(5)   region size 2048K, 1 young (2048K), 1 survivors (2048K)
[2025-04-10T23:45:06.641+0300][2.072s][debug][gc,heap     ] GC(5)  Metaspace       used 28086K, committed 28480K, reserved 1073152K
[2025-04-10T23:45:06.641+0300][2.072s][debug][gc,heap     ] GC(5)   class space    used 3903K, committed 4096K, reserved 1048576K
[2025-04-10T23:45:06.641+0300][2.072s][info ][gc          ] GC(5) Pause Young (Normal) (G1 Evacuation Pause) 32M->15M(54M) 3.019ms
[2025-04-10T23:45:06.641+0300][2.072s][info ][gc,cpu      ] GC(5) User=0.12s Sys=0.00s Real=0.00s
[2025-04-10T23:45:06.923+0300][2.354s][debug][gc,heap     ] GC(6) Heap before GC invocations=6 (full 0):
[2025-04-10T23:45:06.923+0300][2.354s][debug][gc,heap     ] GC(6)  garbage-first heap   total 55296K, used 36820K [0x000000070a000000, 0x0000000800000000)
[2025-04-10T23:45:06.923+0300][2.354s][debug][gc,heap     ] GC(6)   region size 2048K, 11 young (22528K), 1 survivors (2048K)
[2025-04-10T23:45:06.923+0300][2.354s][debug][gc,heap     ] GC(6)  Metaspace       used 33227K, committed 33600K, reserved 1081344K
[2025-04-10T23:45:06.923+0300][2.354s][debug][gc,heap     ] GC(6)   class space    used 4741K, committed 4928K, reserved 1048576K
[2025-04-10T23:45:06.923+0300][2.354s][info ][gc,start    ] GC(6) Pause Young (Normal) (G1 Evacuation Pause)
[2025-04-10T23:45:06.923+0300][2.354s][info ][gc,task     ] GC(6) Using 8 workers of 10 for evacuation
[2025-04-10T23:45:06.925+0300][2.356s][info ][gc,phases   ] GC(6)   Pre Evacuate Collection Set: 0.1ms
[2025-04-10T23:45:06.925+0300][2.356s][info ][gc,phases   ] GC(6)   Merge Heap Roots: 0.0ms
[2025-04-10T23:45:06.925+0300][2.356s][info ][gc,phases   ] GC(6)   Evacuate Collection Set: 1.3ms
[2025-04-10T23:45:06.925+0300][2.356s][info ][gc,phases   ] GC(6)   Post Evacuate Collection Set: 0.6ms
[2025-04-10T23:45:06.925+0300][2.356s][info ][gc,phases   ] GC(6)   Other: 0.2ms
[2025-04-10T23:45:06.925+0300][2.356s][info ][gc,heap     ] GC(6) Eden regions: 10->0(43)
[2025-04-10T23:45:06.925+0300][2.356s][info ][gc,heap     ] GC(6) Survivor regions: 1->2(2)
[2025-04-10T23:45:06.925+0300][2.356s][info ][gc,heap     ] GC(6) Old regions: 8->8
[2025-04-10T23:45:06.925+0300][2.356s][info ][gc,heap     ] GC(6) Archive regions: 0->0
[2025-04-10T23:45:06.925+0300][2.356s][info ][gc,heap     ] GC(6) Humongous regions: 0->0
[2025-04-10T23:45:06.925+0300][2.356s][info ][gc,metaspace] GC(6) Metaspace: 33227K(33600K)->33227K(33600K) NonClass: 28486K(28672K)->28486K(28672K) Class: 4741K(4928K)->4741K(4928K)
[2025-04-10T23:45:06.925+0300][2.356s][debug][gc,heap     ] GC(6) Heap after GC invocations=7 (full 0):
[2025-04-10T23:45:06.925+0300][2.356s][debug][gc,heap     ] GC(6)  garbage-first heap   total 153600K, used 16978K [0x000000070a000000, 0x0000000800000000)
[2025-04-10T23:45:06.925+0300][2.356s][debug][gc,heap     ] GC(6)   region size 2048K, 2 young (4096K), 2 survivors (4096K)
[2025-04-10T23:45:06.925+0300][2.356s][debug][gc,heap     ] GC(6)  Metaspace       used 33227K, committed 33600K, reserved 1081344K
[2025-04-10T23:45:06.925+0300][2.356s][debug][gc,heap     ] GC(6)   class space    used 4741K, committed 4928K, reserved 1048576K
[2025-04-10T23:45:06.925+0300][2.356s][info ][gc          ] GC(6) Pause Young (Normal) (G1 Evacuation Pause) 35M->16M(150M) 2.218ms
[2025-04-10T23:45:06.925+0300][2.356s][info ][gc,cpu      ] GC(6) User=0.00s Sys=0.00s Real=0.00s
[2025-04-10T23:45:07.055+0300][2.486s][debug][gc,heap     ] GC(7) Heap before GC invocations=7 (full 0):
[2025-04-10T23:45:07.055+0300][2.486s][debug][gc,heap     ] GC(7)  garbage-first heap   total 153600K, used 23122K [0x000000070a000000, 0x0000000800000000)
[2025-04-10T23:45:07.055+0300][2.486s][debug][gc,heap     ] GC(7)   region size 2048K, 6 young (12288K), 2 survivors (4096K)
[2025-04-10T23:45:07.055+0300][2.486s][debug][gc,heap     ] GC(7)  Metaspace       used 35685K, committed 35968K, reserved 1081344K
[2025-04-10T23:45:07.055+0300][2.486s][debug][gc,heap     ] GC(7)   class space    used 5029K, committed 5184K, reserved 1048576K
[2025-04-10T23:45:07.055+0300][2.487s][info ][gc,start    ] GC(7) Pause Young (Concurrent Start) (Metadata GC Threshold)
[2025-04-10T23:45:07.056+0300][2.487s][info ][gc,task     ] GC(7) Using 8 workers of 10 for evacuation
[2025-04-10T23:45:07.058+0300][2.489s][info ][gc,phases   ] GC(7)   Pre Evacuate Collection Set: 0.1ms
[2025-04-10T23:45:07.058+0300][2.489s][info ][gc,phases   ] GC(7)   Merge Heap Roots: 0.1ms
[2025-04-10T23:45:07.058+0300][2.489s][info ][gc,phases   ] GC(7)   Evacuate Collection Set: 1.8ms
[2025-04-10T23:45:07.058+0300][2.489s][info ][gc,phases   ] GC(7)   Post Evacuate Collection Set: 0.3ms
[2025-04-10T23:45:07.058+0300][2.489s][info ][gc,phases   ] GC(7)   Other: 0.3ms
[2025-04-10T23:45:07.058+0300][2.489s][info ][gc,heap     ] GC(7) Eden regions: 4->0(43)
[2025-04-10T23:45:07.058+0300][2.489s][info ][gc,heap     ] GC(7) Survivor regions: 2->2(6)
[2025-04-10T23:45:07.058+0300][2.489s][info ][gc,heap     ] GC(7) Old regions: 8->8
[2025-04-10T23:45:07.058+0300][2.489s][info ][gc,heap     ] GC(7) Archive regions: 0->0
[2025-04-10T23:45:07.058+0300][2.489s][info ][gc,heap     ] GC(7) Humongous regions: 0->0
[2025-04-10T23:45:07.058+0300][2.489s][info ][gc,metaspace] GC(7) Metaspace: 35685K(35968K)->35685K(35968K) NonClass: 30655K(30784K)->30655K(30784K) Class: 5029K(5184K)->5029K(5184K)
[2025-04-10T23:45:07.058+0300][2.489s][debug][gc,heap     ] GC(7) Heap after GC invocations=8 (full 0):
[2025-04-10T23:45:07.058+0300][2.489s][debug][gc,heap     ] GC(7)  garbage-first heap   total 153600K, used 17498K [0x000000070a000000, 0x0000000800000000)
[2025-04-10T23:45:07.058+0300][2.489s][debug][gc,heap     ] GC(7)   region size 2048K, 2 young (4096K), 2 survivors (4096K)
[2025-04-10T23:45:07.058+0300][2.489s][debug][gc,heap     ] GC(7)  Metaspace       used 35685K, committed 35968K, reserved 1081344K
[2025-04-10T23:45:07.058+0300][2.489s][debug][gc,heap     ] GC(7)   class space    used 5029K, committed 5184K, reserved 1048576K
[2025-04-10T23:45:07.058+0300][2.489s][info ][gc          ] GC(7) Pause Young (Concurrent Start) (Metadata GC Threshold) 24M->17M(150M) 2.632ms
[2025-04-10T23:45:07.058+0300][2.489s][info ][gc,cpu      ] GC(7) User=0.00s Sys=0.00s Real=0.00s
[2025-04-10T23:45:07.058+0300][2.489s][info ][gc          ] GC(8) Concurrent Mark Cycle
[2025-04-10T23:45:07.058+0300][2.489s][info ][gc,marking  ] GC(8) Concurrent Clear Claimed Marks
[2025-04-10T23:45:07.058+0300][2.489s][info ][gc,marking  ] GC(8) Concurrent Clear Claimed Marks 0.035ms
[2025-04-10T23:45:07.058+0300][2.489s][info ][gc,marking  ] GC(8) Concurrent Scan Root Regions
[2025-04-10T23:45:07.060+0300][2.491s][info ][gc,marking  ] GC(8) Concurrent Scan Root Regions 1.528ms
[2025-04-10T23:45:07.060+0300][2.491s][info ][gc,marking  ] GC(8) Concurrent Mark
[2025-04-10T23:45:07.060+0300][2.491s][info ][gc,marking  ] GC(8) Concurrent Mark From Roots
[2025-04-10T23:45:07.060+0300][2.491s][info ][gc,task     ] GC(8) Using 3 workers of 3 for marking
[2025-04-10T23:45:07.067+0300][2.497s][info ][gc,marking  ] GC(8) Concurrent Mark From Roots 6.354ms
[2025-04-10T23:45:07.067+0300][2.497s][info ][gc,marking  ] GC(8) Concurrent Preclean
[2025-04-10T23:45:07.067+0300][2.497s][info ][gc,marking  ] GC(8) Concurrent Preclean 0.060ms
[2025-04-10T23:45:07.067+0300][2.497s][info ][gc,start    ] GC(8) Pause Remark
[2025-04-10T23:45:07.068+0300][2.499s][debug][gc,heap     ] GC(8) Uncommittable regions after shrink: 38
[2025-04-10T23:45:07.068+0300][2.499s][info ][gc          ] GC(8) Pause Remark 18M->18M(74M) 1.574ms
[2025-04-10T23:45:07.068+0300][2.499s][info ][gc,cpu      ] GC(8) User=0.00s Sys=0.00s Real=0.00s
[2025-04-10T23:45:07.069+0300][2.499s][info ][gc,marking  ] GC(8) Concurrent Mark 8.312ms
[2025-04-10T23:45:07.069+0300][2.499s][info ][gc,marking  ] GC(8) Concurrent Rebuild Remembered Sets
[2025-04-10T23:45:07.072+0300][2.503s][info ][gc,marking  ] GC(8) Concurrent Rebuild Remembered Sets 3.676ms
[2025-04-10T23:45:07.072+0300][2.503s][info ][gc,start    ] GC(8) Pause Cleanup
[2025-04-10T23:45:07.073+0300][2.503s][info ][gc          ] GC(8) Pause Cleanup 18M->18M(74M) 0.104ms
[2025-04-10T23:45:07.073+0300][2.503s][info ][gc,cpu      ] GC(8) User=0.00s Sys=0.00s Real=0.00s
[2025-04-10T23:45:07.073+0300][2.503s][info ][gc,marking  ] GC(8) Concurrent Cleanup for Next Mark
[2025-04-10T23:45:07.073+0300][2.504s][info ][gc,marking  ] GC(8) Concurrent Cleanup for Next Mark 0.342ms
[2025-04-10T23:45:07.073+0300][2.504s][info ][gc          ] GC(8) Concurrent Mark Cycle 14.403ms
[2025-04-10T23:45:07.176+0300][2.607s][debug][gc,heap     ] Concurrent Uncommit Summary: 77824K, 38 regions, 0.880ms
[2025-04-10T23:45:07.607+0300][3.037s][debug][gc,heap     ] GC(9) Heap before GC invocations=9 (full 0):
[2025-04-10T23:45:07.607+0300][3.037s][debug][gc,heap     ] GC(9)  garbage-first heap   total 75776K, used 58458K [0x000000070a000000, 0x0000000800000000)
[2025-04-10T23:45:07.607+0300][3.037s][debug][gc,heap     ] GC(9)   region size 2048K, 22 young (45056K), 2 survivors (4096K)
[2025-04-10T23:45:07.607+0300][3.037s][debug][gc,heap     ] GC(9)  Metaspace       used 43935K, committed 44288K, reserved 1089536K
[2025-04-10T23:45:07.607+0300][3.037s][debug][gc,heap     ] GC(9)   class space    used 6341K, committed 6528K, reserved 1048576K
[2025-04-10T23:45:07.607+0300][3.037s][info ][gc,start    ] GC(9) Pause Young (Normal) (G1 Evacuation Pause)
[2025-04-10T23:45:07.607+0300][3.037s][info ][gc,task     ] GC(9) Using 8 workers of 10 for evacuation
[2025-04-10T23:45:07.610+0300][3.041s][info ][gc,phases   ] GC(9)   Pre Evacuate Collection Set: 0.1ms
[2025-04-10T23:45:07.611+0300][3.041s][info ][gc,phases   ] GC(9)   Merge Heap Roots: 0.1ms
[2025-04-10T23:45:07.611+0300][3.041s][info ][gc,phases   ] GC(9)   Evacuate Collection Set: 2.9ms
[2025-04-10T23:45:07.611+0300][3.041s][info ][gc,phases   ] GC(9)   Post Evacuate Collection Set: 0.4ms
[2025-04-10T23:45:07.611+0300][3.041s][info ][gc,phases   ] GC(9)   Other: 0.3ms
[2025-04-10T23:45:07.611+0300][3.041s][info ][gc,heap     ] GC(9) Eden regions: 20->0(17)
[2025-04-10T23:45:07.611+0300][3.041s][info ][gc,heap     ] GC(9) Survivor regions: 2->3(3)
[2025-04-10T23:45:07.611+0300][3.041s][info ][gc,heap     ] GC(9) Old regions: 8->8
[2025-04-10T23:45:07.611+0300][3.041s][info ][gc,heap     ] GC(9) Archive regions: 0->0
[2025-04-10T23:45:07.611+0300][3.041s][info ][gc,heap     ] GC(9) Humongous regions: 0->0
[2025-04-10T23:45:07.611+0300][3.041s][info ][gc,metaspace] GC(9) Metaspace: 43935K(44288K)->43935K(44288K) NonClass: 37593K(37760K)->37593K(37760K) Class: 6341K(6528K)->6341K(6528K)
[2025-04-10T23:45:07.611+0300][3.041s][debug][gc,heap     ] GC(9) Heap after GC invocations=10 (full 0):
[2025-04-10T23:45:07.611+0300][3.041s][debug][gc,heap     ] GC(9)  garbage-first heap   total 75776K, used 20347K [0x000000070a000000, 0x0000000800000000)
[2025-04-10T23:45:07.611+0300][3.041s][debug][gc,heap     ] GC(9)   region size 2048K, 3 young (6144K), 3 survivors (6144K)
[2025-04-10T23:45:07.611+0300][3.041s][debug][gc,heap     ] GC(9)  Metaspace       used 43935K, committed 44288K, reserved 1089536K
[2025-04-10T23:45:07.611+0300][3.041s][debug][gc,heap     ] GC(9)   class space    used 6341K, committed 6528K, reserved 1048576K
[2025-04-10T23:45:07.611+0300][3.041s][info ][gc          ] GC(9) Pause Young (Normal) (G1 Evacuation Pause) 57M->19M(74M) 3.859ms
[2025-04-10T23:45:07.611+0300][3.041s][info ][gc,cpu      ] GC(9) User=0.12s Sys=0.00s Real=0.00s
[2025-04-10T23:45:07.993+0300][3.424s][debug][gc,heap     ] GC(10) Heap before GC invocations=10 (full 0):
[2025-04-10T23:45:07.993+0300][3.424s][debug][gc,heap     ] GC(10)  garbage-first heap   total 75776K, used 55163K [0x000000070a000000, 0x0000000800000000)
[2025-04-10T23:45:07.993+0300][3.424s][debug][gc,heap     ] GC(10)   region size 2048K, 20 young (40960K), 3 survivors (6144K)
[2025-04-10T23:45:07.993+0300][3.424s][debug][gc,heap     ] GC(10)  Metaspace       used 48375K, committed 48768K, reserved 1097728K
[2025-04-10T23:45:07.993+0300][3.424s][debug][gc,heap     ] GC(10)   class space    used 6986K, committed 7168K, reserved 1048576K
[2025-04-10T23:45:07.994+0300][3.424s][info ][gc,start    ] GC(10) Pause Young (Normal) (G1 Evacuation Pause)
[2025-04-10T23:45:07.994+0300][3.424s][info ][gc,task     ] GC(10) Using 8 workers of 10 for evacuation
[2025-04-10T23:45:07.998+0300][3.429s][info ][gc,phases   ] GC(10)   Pre Evacuate Collection Set: 0.1ms
[2025-04-10T23:45:07.998+0300][3.429s][info ][gc,phases   ] GC(10)   Merge Heap Roots: 0.1ms
[2025-04-10T23:45:07.998+0300][3.429s][info ][gc,phases   ] GC(10)   Evacuate Collection Set: 3.8ms
[2025-04-10T23:45:07.998+0300][3.429s][info ][gc,phases   ] GC(10)   Post Evacuate Collection Set: 0.5ms
[2025-04-10T23:45:07.998+0300][3.429s][info ][gc,phases   ] GC(10)   Other: 0.3ms
[2025-04-10T23:45:07.998+0300][3.429s][info ][gc,heap     ] GC(10) Eden regions: 17->0(15)
[2025-04-10T23:45:07.998+0300][3.429s][info ][gc,heap     ] GC(10) Survivor regions: 3->3(3)
[2025-04-10T23:45:07.998+0300][3.429s][info ][gc,heap     ] GC(10) Old regions: 8->10
[2025-04-10T23:45:07.998+0300][3.429s][info ][gc,heap     ] GC(10) Archive regions: 0->0
[2025-04-10T23:45:07.998+0300][3.429s][info ][gc,heap     ] GC(10) Humongous regions: 0->0
[2025-04-10T23:45:07.998+0300][3.429s][info ][gc,metaspace] GC(10) Metaspace: 48375K(48768K)->48375K(48768K) NonClass: 41388K(41600K)->41388K(41600K) Class: 6986K(7168K)->6986K(7168K)
[2025-04-10T23:45:07.998+0300][3.429s][debug][gc,heap     ] GC(10) Heap after GC invocations=11 (full 0):
[2025-04-10T23:45:07.998+0300][3.429s][debug][gc,heap     ] GC(10)  garbage-first heap   total 75776K, used 23213K [0x000000070a000000, 0x0000000800000000)
[2025-04-10T23:45:07.998+0300][3.429s][debug][gc,heap     ] GC(10)   region size 2048K, 3 young (6144K), 3 survivors (6144K)
[2025-04-10T23:45:07.998+0300][3.429s][debug][gc,heap     ] GC(10)  Metaspace       used 48375K, committed 48768K, reserved 1097728K
[2025-04-10T23:45:07.998+0300][3.429s][debug][gc,heap     ] GC(10)   class space    used 6986K, committed 7168K, reserved 1048576K
[2025-04-10T23:45:07.998+0300][3.429s][info ][gc          ] GC(10) Pause Young (Normal) (G1 Evacuation Pause) 53M->22M(74M) 4.763ms
[2025-04-10T23:45:07.998+0300][3.429s][info ][gc,cpu      ] GC(10) User=0.00s Sys=0.00s Real=0.00s
[2025-04-10T23:46:23.763+0300][79.193s][info ][gc,heap,exit] Heap
[2025-04-10T23:46:23.763+0300][79.193s][info ][gc,heap,exit]  garbage-first heap   total 75776K, used 33341K [0x000000070a000000, 0x0000000800000000)
[2025-04-10T23:46:23.763+0300][79.193s][info ][gc,heap,exit]   region size 2048K, 8 young (16384K), 3 survivors (6144K)
[2025-04-10T23:46:23.763+0300][79.193s][info ][gc,heap,exit]  Metaspace       used 49089K, committed 49536K, reserved 1097728K
[2025-04-10T23:46:23.763+0300][79.193s][info ][gc,heap,exit]   class space    used 7092K, committed 7296K, reserved 1048576K
